Component: ARM Compiler 5.05 update 2 (build 169) Tool: armlink [4d0f33]

==============================================================================

Section Cross References

    src.o(i.LCD_command) refers to src.o(i.delay) for delay
    src.o(i.TIM2_IRQHandler) refers to src.o(.data) for wave_number
    src.o(i.calculat_lut_times) refers to src.o(.data) for domain
    src.o(i.calculate_prescaler) refers to src.o(.data) for frequency
    src.o(i.get_value_of_rv) refers to src.o(i.LCD_command) for LCD_command
    src.o(i.get_value_of_rv) refers to src.o(i.show_string_on_LCD) for show_string_on_LCD
    src.o(i.get_value_of_rv) refers to src.o(i.show_number_on_LCD) for show_number_on_LCD
    src.o(i.get_value_of_rv) refers to src.o(i.delay) for delay
    src.o(i.get_value_of_rv) refers to src.o(i.turn_on_led) for turn_on_led
    src.o(i.get_value_of_rv) refers to src.o(.data) for input_is_domain
    src.o(i.get_wave_number) refers to src.o(i.turn_off_led) for turn_off_led
    src.o(i.get_wave_number) refers to src.o(i.delay) for delay
    src.o(i.get_wave_number) refers to src.o(.data) for wave_number
    src.o(i.gpio_posrt_en) refers to src.o(i.portA_init) for portA_init
    src.o(i.gpio_posrt_en) refers to src.o(i.portB_init) for portB_init
    src.o(i.gpio_posrt_en) refers to src.o(i.portC_init) for portC_init
    src.o(i.main) refers to src.o(i.gpio_posrt_en) for gpio_posrt_en
    src.o(i.main) refers to src.o(i.calculate_prescaler) for calculate_prescaler
    src.o(i.main) refers to src.o(i.calculat_lut_times) for calculat_lut_times
    src.o(i.main) refers to src.o(i.set_LCD_for_start) for set_LCD_for_start
    src.o(i.main) refers to src.o(i.analog_port_ADC_init) for analog_port_ADC_init
    src.o(i.main) refers to src.o(i.tim2_init) for tim2_init
    src.o(i.main) refers to src.o(i.get_wave_number) for get_wave_number
    src.o(i.main) refers to src.o(i.get_value_of_rv) for get_value_of_rv
    src.o(i.main) refers to src.o(i.LCD_command) for LCD_command
    src.o(i.main) refers to src.o(i.show_string_on_LCD) for show_string_on_LCD
    src.o(i.main) refers to src.o(i.show_number_on_LCD) for show_number_on_LCD
    src.o(i.main) refers to src.o(i.delay) for delay
    src.o(i.main) refers to src.o(i.set_lcd_after_inps) for set_lcd_after_inps
    src.o(i.main) refers to src.o(.data) for index
    src.o(i.set_LCD_for_start) refers to src.o(i.LCD_ports_init) for LCD_ports_init
    src.o(i.set_LCD_for_start) refers to src.o(i.delay) for delay
    src.o(i.set_LCD_for_start) refers to src.o(i.LCD_command) for LCD_command
    src.o(i.set_lcd_after_inps) refers to _printf_pad.o(.text) for _printf_pre_padding
    src.o(i.set_lcd_after_inps) refers to _printf_percent.o(.ARM.Collect$$_printf_percent$$00000000) for _printf_percent
    src.o(i.set_lcd_after_inps) refers to _printf_d.o(.ARM.Collect$$_printf_percent$$00000009) for _printf_d
    src.o(i.set_lcd_after_inps) refers to _printf_dec.o(.text) for _printf_int_dec
    src.o(i.set_lcd_after_inps) refers to src.o(i.LCD_command) for LCD_command
    src.o(i.set_lcd_after_inps) refers to noretval__2sprintf.o(.text) for __2sprintf
    src.o(i.set_lcd_after_inps) refers to strlen.o(.text) for strlen
    src.o(i.set_lcd_after_inps) refers to src.o(i.show_value_on_LCD) for show_value_on_LCD
    src.o(i.set_lcd_after_inps) refers to src.o(.data) for wave_number
    src.o(i.show_number_on_LCD) refers to _printf_percent.o(.ARM.Collect$$_printf_percent$$00000000) for _printf_percent
    src.o(i.show_number_on_LCD) refers to _printf_d.o(.ARM.Collect$$_printf_percent$$00000009) for _printf_d
    src.o(i.show_number_on_LCD) refers to _printf_dec.o(.text) for _printf_int_dec
    src.o(i.show_number_on_LCD) refers to noretval__2sprintf.o(.text) for __2sprintf
    src.o(i.show_number_on_LCD) refers to src.o(i.show_string_on_LCD) for show_string_on_LCD
    src.o(i.show_string_on_LCD) refers to strlen.o(.text) for strlen
    src.o(i.show_string_on_LCD) refers to src.o(i.show_value_on_LCD) for show_value_on_LCD
    src.o(i.show_value_on_LCD) refers to src.o(i.delay) for delay
    src.o(i.tim2_init) refers to src.o(.data) for prescale_reg
    startup_stm32f401xe.o(STACK) refers (Special) to heapauxi.o(.text) for __use_two_region_memory
    startup_stm32f401xe.o(HEAP) refers (Special) to heapauxi.o(.text) for __use_two_region_memory
    startup_stm32f401xe.o(RESET) refers (Special) to heapauxi.o(.text) for __use_two_region_memory
    startup_stm32f401xe.o(RESET) refers to startup_stm32f401xe.o(STACK) for __initial_sp
    startup_stm32f401xe.o(RESET) refers to startup_stm32f401xe.o(.text) for Reset_Handler
    startup_stm32f401xe.o(RESET) refers to src.o(i.TIM2_IRQHandler) for TIM2_IRQHandler
    startup_stm32f401xe.o(.text) refers (Special) to heapauxi.o(.text) for __use_two_region_memory
    startup_stm32f401xe.o(.text) refers to system_stm32f4xx.o(i.SystemInit) for SystemInit
    startup_stm32f401xe.o(.text) refers to __main.o(!!!main) for __main
    startup_stm32f401xe.o(.text) refers to startup_stm32f401xe.o(HEAP) for Heap_Mem
    startup_stm32f401xe.o(.text) refers to startup_stm32f401xe.o(STACK) for Stack_Mem
    system_stm32f4xx.o(i.SystemCoreClockUpdate) refers to system_stm32f4xx.o(.data) for SystemCoreClock
    system_stm32f4xx.o(i.SystemCoreClockUpdate) refers to system_stm32f4xx.o(.constdata) for AHBPrescTable
    __2sprintf.o(.text) refers to _printf_char_common.o(.text) for _printf_char_common
    __2sprintf.o(.text) refers to _sputc.o(.text) for _sputc
    noretval__2sprintf.o(.text) refers to _printf_char_common.o(.text) for _printf_char_common
    noretval__2sprintf.o(.text) refers to _sputc.o(.text) for _sputc
    __printf.o(.text) refers to _printf_percent.o(.ARM.Collect$$_printf_percent$$00000000) for _printf_percent
    _printf_dec.o(.text) refers to _printf_intcommon.o(.text) for _printf_int_common
    __printf_flags.o(.text) refers to _printf_percent.o(.ARM.Collect$$_printf_percent$$00000000) for _printf_percent
    __printf_flags.o(.text) refers to __printf_flags.o(.constdata) for .constdata
    __printf_ss.o(.text) refers to _printf_percent.o(.ARM.Collect$$_printf_percent$$00000000) for _printf_percent
    __printf_flags_ss.o(.text) refers to _printf_percent.o(.ARM.Collect$$_printf_percent$$00000000) for _printf_percent
    __printf_flags_ss.o(.text) refers to __printf_flags_ss.o(.constdata) for .constdata
    __printf_wp.o(.text) refers to __printf_wp.o(i._is_digit) for _is_digit
    __printf_wp.o(.text) refers to _printf_percent.o(.ARM.Collect$$_printf_percent$$00000000) for _printf_percent
    __printf_flags_wp.o(.text) refers to __printf_wp.o(i._is_digit) for _is_digit
    __printf_flags_wp.o(.text) refers to _printf_percent.o(.ARM.Collect$$_printf_percent$$00000000) for _printf_percent
    __printf_flags_wp.o(.text) refers to __printf_flags_wp.o(.constdata) for .constdata
    __printf_ss_wp.o(.text) refers to __printf_wp.o(i._is_digit) for _is_digit
    __printf_ss_wp.o(.text) refers to _printf_percent.o(.ARM.Collect$$_printf_percent$$00000000) for _printf_percent
    __printf_flags_ss_wp.o(.text) refers to __printf_wp.o(i._is_digit) for _is_digit
    __printf_flags_ss_wp.o(.text) refers to _printf_percent.o(.ARM.Collect$$_printf_percent$$00000000) for _printf_percent
    __printf_flags_ss_wp.o(.text) refers to __printf_flags_ss_wp.o(.constdata) for .constdata
    _printf_d.o(.ARM.Collect$$_printf_percent$$00000009) refers (Weak) to _printf_dec.o(.text) for _printf_int_dec
    _printf_percent.o(.ARM.Collect$$_printf_percent$$00000000) refers (Special) to _printf_percent_end.o(.ARM.Collect$$_printf_percent$$00000017) for _printf_percent_end
    __main.o(!!!main) refers to __rtentry.o(.ARM.Collect$$rtentry$$00000000) for __rt_entry
    __rtentry.o(.ARM.Collect$$rtentry$$00000000) refers (Special) to __rtentry2.o(.ARM.Collect$$rtentry$$0000000A) for __rt_entry_li
    __rtentry.o(.ARM.Collect$$rtentry$$00000000) refers (Special) to __rtentry2.o(.ARM.Collect$$rtentry$$0000000D) for __rt_entry_main
    __rtentry.o(.ARM.Collect$$rtentry$$00000000) refers (Special) to __rtentry2.o(.ARM.Collect$$rtentry$$0000000C) for __rt_entry_postli_1
    __rtentry.o(.ARM.Collect$$rtentry$$00000000) refers (Special) to __rtentry2.o(.ARM.Collect$$rtentry$$00000009) for __rt_entry_postsh_1
    __rtentry.o(.ARM.Collect$$rtentry$$00000000) refers (Special) to __rtentry2.o(.ARM.Collect$$rtentry$$00000002) for __rt_entry_presh_1
    __rtentry.o(.ARM.Collect$$rtentry$$00000000) refers (Special) to __rtentry4.o(.ARM.Collect$$rtentry$$00000004) for __rt_entry_sh
    _printf_intcommon.o(.text) refers (Weak) to _printf_pad.o(.text) for _printf_pre_padding
    _printf_intcommon.o(.text) refers (Weak) to _printf_pad.o(.text) for _printf_pre_padding
    _printf_intcommon.o(.text) refers (Weak) to _printf_pad.o(.text) for _printf_post_padding
    _printf_char_common.o(.text) refers to __printf_ss_wp.o(.text) for __printf
    __rtentry2.o(.ARM.Collect$$rtentry$$00000008) refers to boardinit2.o(.text) for _platform_post_stackheap_init
    __rtentry2.o(.ARM.Collect$$rtentry$$0000000A) refers to libinit.o(.ARM.Collect$$libinit$$00000000) for __rt_lib_init
    __rtentry2.o(.ARM.Collect$$rtentry$$0000000B) refers to boardinit3.o(.text) for _platform_post_lib_init
    __rtentry2.o(.ARM.Collect$$rtentry$$0000000D) refers to src.o(i.main) for main
    __rtentry2.o(.ARM.Collect$$rtentry$$0000000D) refers to exit.o(.text) for exit
    __rtentry2.o(.ARM.exidx) refers to __rtentry2.o(.ARM.Collect$$rtentry$$00000001) for .ARM.Collect$$rtentry$$00000001
    __rtentry2.o(.ARM.exidx) refers to __rtentry2.o(.ARM.Collect$$rtentry$$00000008) for .ARM.Collect$$rtentry$$00000008
    __rtentry2.o(.ARM.exidx) refers to __rtentry2.o(.ARM.Collect$$rtentry$$0000000A) for .ARM.Collect$$rtentry$$0000000A
    __rtentry2.o(.ARM.exidx) refers to __rtentry2.o(.ARM.Collect$$rtentry$$0000000B) for .ARM.Collect$$rtentry$$0000000B
    __rtentry2.o(.ARM.exidx) refers to __rtentry2.o(.ARM.Collect$$rtentry$$0000000D) for .ARM.Collect$$rtentry$$0000000D
    __rtentry4.o(.ARM.Collect$$rtentry$$00000004) refers to sys_stackheap_outer.o(.text) for __user_setup_stackheap
    __rtentry4.o(.ARM.exidx) refers to __rtentry4.o(.ARM.Collect$$rtentry$$00000004) for .ARM.Collect$$rtentry$$00000004
    sys_stackheap_outer.o(.text) refers to libspace.o(.text) for __user_perproc_libspace
    sys_stackheap_outer.o(.text) refers to startup_stm32f401xe.o(.text) for __user_initial_stackheap
    exit.o(.text) refers to rtexit.o(.ARM.Collect$$rtexit$$00000000) for __rt_exit
    libinit.o(.ARM.Collect$$libinit$$00000000) refers (Special) to libinit2.o(.ARM.Collect$$libinit$$0000002E) for __rt_lib_init_alloca_1
    libinit.o(.ARM.Collect$$libinit$$00000000) refers (Special) to libinit2.o(.ARM.Collect$$libinit$$0000002C) for __rt_lib_init_argv_1
    libinit.o(.ARM.Collect$$libinit$$00000000) refers (Special) to libinit2.o(.ARM.Collect$$libinit$$0000001B) for __rt_lib_init_atexit_1
    libinit.o(.ARM.Collect$$libinit$$00000000) refers (Special) to libinit2.o(.ARM.Collect$$libinit$$00000021) for __rt_lib_init_clock_1
    libinit.o(.ARM.Collect$$libinit$$00000000) refers (Special) to libinit2.o(.ARM.Collect$$libinit$$00000032) for __rt_lib_init_cpp_1
    libinit.o(.ARM.Collect$$libinit$$00000000) refers (Special) to libinit2.o(.ARM.Collect$$libinit$$00000030) for __rt_lib_init_exceptions_1
    libinit.o(.ARM.Collect$$libinit$$00000000) refers (Special) to libinit2.o(.ARM.Collect$$libinit$$00000001) for __rt_lib_init_fp_1
    libinit.o(.ARM.Collect$$libinit$$00000000) refers (Special) to libinit2.o(.ARM.Collect$$libinit$$0000001F) for __rt_lib_init_fp_trap_1
    libinit.o(.ARM.Collect$$libinit$$00000000) refers (Special) to libinit2.o(.ARM.Collect$$libinit$$00000023) for __rt_lib_init_getenv_1
    libinit.o(.ARM.Collect$$libinit$$00000000) refers (Special) to libinit2.o(.ARM.Collect$$libinit$$0000000A) for __rt_lib_init_heap_1
    libinit.o(.ARM.Collect$$libinit$$00000000) refers (Special) to libinit2.o(.ARM.Collect$$libinit$$00000011) for __rt_lib_init_lc_collate_1
    libinit.o(.ARM.Collect$$libinit$$00000000) refers (Special) to libinit2.o(.ARM.Collect$$libinit$$00000013) for __rt_lib_init_lc_ctype_1
    libinit.o(.ARM.Collect$$libinit$$00000000) refers (Special) to libinit2.o(.ARM.Collect$$libinit$$00000015) for __rt_lib_init_lc_monetary_1
    libinit.o(.ARM.Collect$$libinit$$00000000) refers (Special) to libinit2.o(.ARM.Collect$$libinit$$00000017) for __rt_lib_init_lc_numeric_1
    libinit.o(.ARM.Collect$$libinit$$00000000) refers (Special) to libinit2.o(.ARM.Collect$$libinit$$00000019) for __rt_lib_init_lc_time_1
    libinit.o(.ARM.Collect$$libinit$$00000000) refers (Special) to libinit2.o(.ARM.Collect$$libinit$$00000004) for __rt_lib_init_preinit_1
    libinit.o(.ARM.Collect$$libinit$$00000000) refers (Special) to libinit2.o(.ARM.Collect$$libinit$$0000000E) for __rt_lib_init_rand_1
    libinit.o(.ARM.Collect$$libinit$$00000000) refers (Special) to libinit2.o(.ARM.Collect$$libinit$$00000033) for __rt_lib_init_return
    libinit.o(.ARM.Collect$$libinit$$00000000) refers (Special) to libinit2.o(.ARM.Collect$$libinit$$0000001D) for __rt_lib_init_signal_1
    libinit.o(.ARM.Collect$$libinit$$00000000) refers (Special) to libinit2.o(.ARM.Collect$$libinit$$00000025) for __rt_lib_init_stdio_1
    libinit.o(.ARM.Collect$$libinit$$00000000) refers (Special) to libinit2.o(.ARM.Collect$$libinit$$0000000C) for __rt_lib_init_user_alloc_1
    libspace.o(.text) refers to libspace.o(.bss) for __libspace_start
    rtexit.o(.ARM.Collect$$rtexit$$00000000) refers (Special) to rtexit2.o(.ARM.Collect$$rtexit$$00000004) for __rt_exit_exit
    rtexit.o(.ARM.Collect$$rtexit$$00000000) refers (Special) to rtexit2.o(.ARM.Collect$$rtexit$$00000003) for __rt_exit_ls
    rtexit.o(.ARM.Collect$$rtexit$$00000000) refers (Special) to rtexit2.o(.ARM.Collect$$rtexit$$00000002) for __rt_exit_prels_1
    rtexit.o(.ARM.exidx) refers (Special) to rtexit2.o(.ARM.Collect$$rtexit$$00000004) for __rt_exit_exit
    rtexit.o(.ARM.exidx) refers (Special) to rtexit2.o(.ARM.Collect$$rtexit$$00000003) for __rt_exit_ls
    rtexit.o(.ARM.exidx) refers (Special) to rtexit2.o(.ARM.Collect$$rtexit$$00000002) for __rt_exit_prels_1
    rtexit.o(.ARM.exidx) refers to rtexit.o(.ARM.Collect$$rtexit$$00000000) for .ARM.Collect$$rtexit$$00000000
    libinit2.o(.ARM.Collect$$libinit$$00000001) refers to fpinit.o(x$fpl$fpinit) for _fp_init
    libinit2.o(.ARM.Collect$$libinit$$00000010) refers to libinit2.o(.ARM.Collect$$libinit$$0000000F) for .ARM.Collect$$libinit$$0000000F
    libinit2.o(.ARM.Collect$$libinit$$00000012) refers to libinit2.o(.ARM.Collect$$libinit$$0000000F) for .ARM.Collect$$libinit$$0000000F
    libinit2.o(.ARM.Collect$$libinit$$00000014) refers to libinit2.o(.ARM.Collect$$libinit$$0000000F) for .ARM.Collect$$libinit$$0000000F
    libinit2.o(.ARM.Collect$$libinit$$00000016) refers to libinit2.o(.ARM.Collect$$libinit$$0000000F) for .ARM.Collect$$libinit$$0000000F
    libinit2.o(.ARM.Collect$$libinit$$00000018) refers to libinit2.o(.ARM.Collect$$libinit$$0000000F) for .ARM.Collect$$libinit$$0000000F
    libinit2.o(.ARM.Collect$$libinit$$00000026) refers to argv_veneer.o(.emb_text) for __ARM_argv_veneer
    libinit2.o(.ARM.Collect$$libinit$$00000027) refers to argv_veneer.o(.emb_text) for __ARM_argv_veneer
    rtexit2.o(.ARM.Collect$$rtexit$$00000003) refers to libshutdown.o(.ARM.Collect$$libshutdown$$00000000) for __rt_lib_shutdown
    rtexit2.o(.ARM.Collect$$rtexit$$00000004) refers to sys_exit.o(.text) for _sys_exit
    rtexit2.o(.ARM.exidx) refers to rtexit2.o(.ARM.Collect$$rtexit$$00000001) for .ARM.Collect$$rtexit$$00000001
    rtexit2.o(.ARM.exidx) refers to rtexit2.o(.ARM.Collect$$rtexit$$00000003) for .ARM.Collect$$rtexit$$00000003
    rtexit2.o(.ARM.exidx) refers to rtexit2.o(.ARM.Collect$$rtexit$$00000004) for .ARM.Collect$$rtexit$$00000004
    argv_veneer.o(.emb_text) refers to no_argv.o(.text) for __ARM_get_argv
    sys_exit.o(.text) refers (Special) to use_no_semi.o(.text) for __I$use$semihosting
    sys_exit.o(.text) refers (Special) to indicate_semi.o(.text) for __semihosting_library_function
    _get_argv_nomalloc.o(.text) refers (Special) to hrguard.o(.text) for __heap_region$guard
    _get_argv_nomalloc.o(.text) refers to defsig_rtmem_outer.o(.text) for __rt_SIGRTMEM
    _get_argv_nomalloc.o(.text) refers to sys_command.o(.text) for _sys_command_string
    libshutdown.o(.ARM.Collect$$libshutdown$$00000000) refers (Special) to libshutdown2.o(.ARM.Collect$$libshutdown$$00000006) for __rt_lib_shutdown_fp_trap_1
    libshutdown.o(.ARM.Collect$$libshutdown$$00000000) refers (Special) to libshutdown2.o(.ARM.Collect$$libshutdown$$0000000E) for __rt_lib_shutdown_heap_1
    libshutdown.o(.ARM.Collect$$libshutdown$$00000000) refers (Special) to libshutdown2.o(.ARM.Collect$$libshutdown$$0000000F) for __rt_lib_shutdown_return
    libshutdown.o(.ARM.Collect$$libshutdown$$00000000) refers (Special) to libshutdown2.o(.ARM.Collect$$libshutdown$$00000009) for __rt_lib_shutdown_signal_1
    libshutdown.o(.ARM.Collect$$libshutdown$$00000000) refers (Special) to libshutdown2.o(.ARM.Collect$$libshutdown$$00000003) for __rt_lib_shutdown_stdio_1
    libshutdown.o(.ARM.Collect$$libshutdown$$00000000) refers (Special) to libshutdown2.o(.ARM.Collect$$libshutdown$$0000000B) for __rt_lib_shutdown_user_alloc_1
    sys_command.o(.text) refers (Special) to use_no_semi.o(.text) for __I$use$semihosting
    sys_command.o(.text) refers (Special) to indicate_semi.o(.text) for __semihosting_library_function
    defsig_rtmem_outer.o(.text) refers to defsig_rtmem_inner.o(.text) for __rt_SIGRTMEM_inner
    defsig_rtmem_outer.o(.text) refers to defsig_exit.o(.text) for __sig_exit
    defsig_rtmem_formal.o(.text) refers to rt_raise.o(.text) for __rt_raise
    rt_raise.o(.text) refers to __raise.o(.text) for __raise
    rt_raise.o(.text) refers to sys_exit.o(.text) for _sys_exit
    defsig_exit.o(.text) refers to sys_exit.o(.text) for _sys_exit
    defsig_rtmem_inner.o(.text) refers to defsig_general.o(.text) for __default_signal_display
    __raise.o(.text) refers to defsig.o(CL$$defsig) for __default_signal_handler
    defsig_general.o(.text) refers to sys_wrch.o(.text) for _ttywrch
    sys_wrch.o(.text) refers (Special) to use_no_semi.o(.text) for __I$use$semihosting
    sys_wrch.o(.text) refers (Special) to indicate_semi.o(.text) for __semihosting_library_function
    defsig.o(CL$$defsig) refers to defsig_rtmem_inner.o(.text) for __rt_SIGRTMEM_inner
    defsig_abrt_inner.o(.text) refers to defsig_general.o(.text) for __default_signal_display
    defsig_fpe_inner.o(.text) refers to defsig_general.o(.text) for __default_signal_display
    defsig_rtred_inner.o(.text) refers to defsig_general.o(.text) for __default_signal_display
    defsig_stak_inner.o(.text) refers to defsig_general.o(.text) for __default_signal_display
    defsig_pvfn_inner.o(.text) refers to defsig_general.o(.text) for __default_signal_display
    defsig_cppl_inner.o(.text) refers to defsig_general.o(.text) for __default_signal_display
    defsig_segv_inner.o(.text) refers to defsig_general.o(.text) for __default_signal_display
    defsig_other.o(.text) refers to defsig_general.o(.text) for __default_signal_display


==============================================================================

Removing Unused input sections from the image.

    Removing src.o(.rev16_text), (4 bytes).
    Removing src.o(.revsh_text), (4 bytes).
    Removing src.o(.rrx_text), (6 bytes).
    Removing system_stm32f4xx.o(.rev16_text), (4 bytes).
    Removing system_stm32f4xx.o(.revsh_text), (4 bytes).
    Removing system_stm32f4xx.o(.rrx_text), (6 bytes).
    Removing system_stm32f4xx.o(i.SystemCoreClockUpdate), (192 bytes).
    Removing system_stm32f4xx.o(.constdata), (16 bytes).
    Removing system_stm32f4xx.o(.data), (4 bytes).

9 unused section(s) (total 240 bytes) removed from the image.

==============================================================================

Image Symbol Table

    Local Symbols

    Symbol Name                              Value     Ov Type        Size  Object(Section)

    ../clib/angel/boardlib.s                 0x00000000   Number         0  boardinit3.o ABSOLUTE
    ../clib/angel/boardlib.s                 0x00000000   Number         0  boardinit2.o ABSOLUTE
    ../clib/angel/boardlib.s                 0x00000000   Number         0  boardinit1.o ABSOLUTE
    ../clib/angel/boardlib.s                 0x00000000   Number         0  boardshut.o ABSOLUTE
    ../clib/angel/dclz77c.s                  0x00000000   Number         0  __dclz77c.o ABSOLUTE
    ../clib/angel/handlers.s                 0x00000000   Number         0  __scatter_zi.o ABSOLUTE
    ../clib/angel/kernel.s                   0x00000000   Number         0  __rtentry4.o ABSOLUTE
    ../clib/angel/kernel.s                   0x00000000   Number         0  __rtentry2.o ABSOLUTE
    ../clib/angel/kernel.s                   0x00000000   Number         0  rtexit.o ABSOLUTE
    ../clib/angel/kernel.s                   0x00000000   Number         0  rtexit2.o ABSOLUTE
    ../clib/angel/kernel.s                   0x00000000   Number         0  __rtentry.o ABSOLUTE
    ../clib/angel/rt.s                       0x00000000   Number         0  rt_raise.o ABSOLUTE
    ../clib/angel/scatter.s                  0x00000000   Number         0  __scatter.o ABSOLUTE
    ../clib/angel/startup.s                  0x00000000   Number         0  __main.o ABSOLUTE
    ../clib/angel/sys.s                      0x00000000   Number         0  sys_stackheap_outer.o ABSOLUTE
    ../clib/angel/sys.s                      0x00000000   Number         0  libspace.o ABSOLUTE
    ../clib/angel/sys.s                      0x00000000   Number         0  use_no_semi.o ABSOLUTE
    ../clib/angel/sys.s                      0x00000000   Number         0  indicate_semi.o ABSOLUTE
    ../clib/angel/sysapp.c                   0x00000000   Number         0  sys_command.o ABSOLUTE
    ../clib/angel/sysapp.c                   0x00000000   Number         0  sys_exit.o ABSOLUTE
    ../clib/angel/sysapp.c                   0x00000000   Number         0  sys_wrch.o ABSOLUTE
    ../clib/armsys.c                         0x00000000   Number         0  argv_veneer.o ABSOLUTE
    ../clib/armsys.c                         0x00000000   Number         0  argv_veneer.o ABSOLUTE
    ../clib/armsys.c                         0x00000000   Number         0  _get_argv_nomalloc.o ABSOLUTE
    ../clib/armsys.c                         0x00000000   Number         0  no_argv.o ABSOLUTE
    ../clib/heapalloc.c                      0x00000000   Number         0  hrguard.o ABSOLUTE
    ../clib/heapaux.c                        0x00000000   Number         0  heapauxi.o ABSOLUTE
    ../clib/libinit.s                        0x00000000   Number         0  libinit.o ABSOLUTE
    ../clib/libinit.s                        0x00000000   Number         0  libshutdown2.o ABSOLUTE
    ../clib/libinit.s                        0x00000000   Number         0  libinit2.o ABSOLUTE
    ../clib/libinit.s                        0x00000000   Number         0  libshutdown.o ABSOLUTE
    ../clib/misc.s                           0x00000000   Number         0  printf_stubs.o ABSOLUTE
    ../clib/printf.c                         0x00000000   Number         0  _printf_intcommon.o ABSOLUTE
    ../clib/printf.c                         0x00000000   Number         0  __printf_flags_ss.o ABSOLUTE
    ../clib/printf.c                         0x00000000   Number         0  __printf_nopercent.o ABSOLUTE
    ../clib/printf.c                         0x00000000   Number         0  _printf_char_common.o ABSOLUTE
    ../clib/printf.c                         0x00000000   Number         0  _sputc.o ABSOLUTE
    ../clib/printf.c                         0x00000000   Number         0  noretval__2sprintf.o ABSOLUTE
    ../clib/printf.c                         0x00000000   Number         0  __2sprintf.o ABSOLUTE
    ../clib/printf.c                         0x00000000   Number         0  _printf_pad.o ABSOLUTE
    ../clib/printf.c                         0x00000000   Number         0  __printf.o ABSOLUTE
    ../clib/printf.c                         0x00000000   Number         0  _printf_dec.o ABSOLUTE
    ../clib/printf.c                         0x00000000   Number         0  __printf_flags.o ABSOLUTE
    ../clib/printf.c                         0x00000000   Number         0  __printf_ss.o ABSOLUTE
    ../clib/printf.c                         0x00000000   Number         0  __printf_wp.o ABSOLUTE
    ../clib/printf.c                         0x00000000   Number         0  __printf_flags_wp.o ABSOLUTE
    ../clib/printf.c                         0x00000000   Number         0  __printf_ss_wp.o ABSOLUTE
    ../clib/printf.c                         0x00000000   Number         0  __printf_flags_ss_wp.o ABSOLUTE
    ../clib/printf_percent.s                 0x00000000   Number         0  _printf_d.o ABSOLUTE
    ../clib/printf_percent.s                 0x00000000   Number         0  _printf_percent.o ABSOLUTE
    ../clib/printf_percent.s                 0x00000000   Number         0  _printf_percent_end.o ABSOLUTE
    ../clib/signal.c                         0x00000000   Number         0  defsig_rtmem_formal.o ABSOLUTE
    ../clib/signal.c                         0x00000000   Number         0  defsig_rtmem_inner.o ABSOLUTE
    ../clib/signal.c                         0x00000000   Number         0  __raise.o ABSOLUTE
    ../clib/signal.c                         0x00000000   Number         0  defsig_general.o ABSOLUTE
    ../clib/signal.c                         0x00000000   Number         0  defsig_abrt_inner.o ABSOLUTE
    ../clib/signal.c                         0x00000000   Number         0  defsig_fpe_inner.o ABSOLUTE
    ../clib/signal.c                         0x00000000   Number         0  defsig_exit.o ABSOLUTE
    ../clib/signal.c                         0x00000000   Number         0  defsig_rtmem_outer.o ABSOLUTE
    ../clib/signal.c                         0x00000000   Number         0  defsig_rtred_inner.o ABSOLUTE
    ../clib/signal.c                         0x00000000   Number         0  defsig_stak_inner.o ABSOLUTE
    ../clib/signal.c                         0x00000000   Number         0  defsig_pvfn_inner.o ABSOLUTE
    ../clib/signal.c                         0x00000000   Number         0  defsig_cppl_inner.o ABSOLUTE
    ../clib/signal.c                         0x00000000   Number         0  defsig_segv_inner.o ABSOLUTE
    ../clib/signal.c                         0x00000000   Number         0  defsig_other.o ABSOLUTE
    ../clib/signal.s                         0x00000000   Number         0  defsig.o ABSOLUTE
    ../clib/stdlib.c                         0x00000000   Number         0  exit.o ABSOLUTE
    ../clib/string.c                         0x00000000   Number         0  strlen.o ABSOLUTE
    ../fplib/fpinit.s                        0x00000000   Number         0  fpinit.o ABSOLUTE
    RTE\Device\STM32F401RETx\startup_stm32f401xe.s 0x00000000   Number         0  startup_stm32f401xe.o ABSOLUTE
    RTE\Device\STM32F401RETx\system_stm32f4xx.c 0x00000000   Number         0  system_stm32f4xx.o ABSOLUTE
    RTE\\Device\\STM32F401RETx\\system_stm32f4xx.c 0x00000000   Number         0  system_stm32f4xx.o ABSOLUTE
    dc.s                                     0x00000000   Number         0  dc.o ABSOLUTE
    src.c                                    0x00000000   Number         0  src.o ABSOLUTE
    src.c                                    0x00000000   Number         0  src.o ABSOLUTE
    RESET                                    0x08000000   Section      404  startup_stm32f401xe.o(RESET)
    !!!main                                  0x08000194   Section        8  __main.o(!!!main)
    !!!scatter                               0x0800019c   Section       52  __scatter.o(!!!scatter)
    !!dclz77c                                0x080001d0   Section      100  __dclz77c.o(!!dclz77c)
    !!handler_zi                             0x08000234   Section       28  __scatter_zi.o(!!handler_zi)
    .ARM.Collect$$_printf_percent$$00000000  0x08000250   Section        0  _printf_percent.o(.ARM.Collect$$_printf_percent$$00000000)
    .ARM.Collect$$_printf_percent$$00000009  0x08000250   Section        6  _printf_d.o(.ARM.Collect$$_printf_percent$$00000009)
    .ARM.Collect$$_printf_percent$$00000017  0x08000256   Section        4  _printf_percent_end.o(.ARM.Collect$$_printf_percent$$00000017)
    .ARM.Collect$$libinit$$00000000          0x0800025a   Section        2  libinit.o(.ARM.Collect$$libinit$$00000000)
    .ARM.Collect$$libinit$$00000001          0x0800025c   Section        4  libinit2.o(.ARM.Collect$$libinit$$00000001)
    .ARM.Collect$$libinit$$00000004          0x08000260   Section        0  libinit2.o(.ARM.Collect$$libinit$$00000004)
    .ARM.Collect$$libinit$$0000000A          0x08000260   Section        0  libinit2.o(.ARM.Collect$$libinit$$0000000A)
    .ARM.Collect$$libinit$$0000000C          0x08000260   Section        0  libinit2.o(.ARM.Collect$$libinit$$0000000C)
    .ARM.Collect$$libinit$$0000000E          0x08000260   Section        0  libinit2.o(.ARM.Collect$$libinit$$0000000E)
    .ARM.Collect$$libinit$$00000011          0x08000260   Section        0  libinit2.o(.ARM.Collect$$libinit$$00000011)
    .ARM.Collect$$libinit$$00000013          0x08000260   Section        0  libinit2.o(.ARM.Collect$$libinit$$00000013)
    .ARM.Collect$$libinit$$00000015          0x08000260   Section        0  libinit2.o(.ARM.Collect$$libinit$$00000015)
    .ARM.Collect$$libinit$$00000017          0x08000260   Section        0  libinit2.o(.ARM.Collect$$libinit$$00000017)
    .ARM.Collect$$libinit$$00000019          0x08000260   Section        0  libinit2.o(.ARM.Collect$$libinit$$00000019)
    .ARM.Collect$$libinit$$0000001B          0x08000260   Section        0  libinit2.o(.ARM.Collect$$libinit$$0000001B)
    .ARM.Collect$$libinit$$0000001D          0x08000260   Section        0  libinit2.o(.ARM.Collect$$libinit$$0000001D)
    .ARM.Collect$$libinit$$0000001F          0x08000260   Section        0  libinit2.o(.ARM.Collect$$libinit$$0000001F)
    .ARM.Collect$$libinit$$00000021          0x08000260   Section        0  libinit2.o(.ARM.Collect$$libinit$$00000021)
    .ARM.Collect$$libinit$$00000023          0x08000260   Section        0  libinit2.o(.ARM.Collect$$libinit$$00000023)
    .ARM.Collect$$libinit$$00000025          0x08000260   Section        0  libinit2.o(.ARM.Collect$$libinit$$00000025)
    .ARM.Collect$$libinit$$0000002C          0x08000260   Section        0  libinit2.o(.ARM.Collect$$libinit$$0000002C)
    .ARM.Collect$$libinit$$0000002E          0x08000260   Section        0  libinit2.o(.ARM.Collect$$libinit$$0000002E)
    .ARM.Collect$$libinit$$00000030          0x08000260   Section        0  libinit2.o(.ARM.Collect$$libinit$$00000030)
    .ARM.Collect$$libinit$$00000032          0x08000260   Section        0  libinit2.o(.ARM.Collect$$libinit$$00000032)
    .ARM.Collect$$libinit$$00000033          0x08000260   Section        2  libinit2.o(.ARM.Collect$$libinit$$00000033)
    .ARM.Collect$$libshutdown$$00000000      0x08000262   Section        2  libshutdown.o(.ARM.Collect$$libshutdown$$00000000)
    .ARM.Collect$$libshutdown$$00000003      0x08000264   Section        0  libshutdown2.o(.ARM.Collect$$libshutdown$$00000003)
    .ARM.Collect$$libshutdown$$00000006      0x08000264   Section        0  libshutdown2.o(.ARM.Collect$$libshutdown$$00000006)
    .ARM.Collect$$libshutdown$$00000009      0x08000264   Section        0  libshutdown2.o(.ARM.Collect$$libshutdown$$00000009)
    .ARM.Collect$$libshutdown$$0000000B      0x08000264   Section        0  libshutdown2.o(.ARM.Collect$$libshutdown$$0000000B)
    .ARM.Collect$$libshutdown$$0000000E      0x08000264   Section        0  libshutdown2.o(.ARM.Collect$$libshutdown$$0000000E)
    .ARM.Collect$$libshutdown$$0000000F      0x08000264   Section        2  libshutdown2.o(.ARM.Collect$$libshutdown$$0000000F)
    .ARM.Collect$$rtentry$$00000000          0x08000266   Section        0  __rtentry.o(.ARM.Collect$$rtentry$$00000000)
    .ARM.Collect$$rtentry$$00000002          0x08000266   Section        0  __rtentry2.o(.ARM.Collect$$rtentry$$00000002)
    .ARM.Collect$$rtentry$$00000004          0x08000266   Section        6  __rtentry4.o(.ARM.Collect$$rtentry$$00000004)
    .ARM.Collect$$rtentry$$00000009          0x0800026c   Section        0  __rtentry2.o(.ARM.Collect$$rtentry$$00000009)
    .ARM.Collect$$rtentry$$0000000A          0x0800026c   Section        4  __rtentry2.o(.ARM.Collect$$rtentry$$0000000A)
    .ARM.Collect$$rtentry$$0000000C          0x08000270   Section        0  __rtentry2.o(.ARM.Collect$$rtentry$$0000000C)
    .ARM.Collect$$rtentry$$0000000D          0x08000270   Section        8  __rtentry2.o(.ARM.Collect$$rtentry$$0000000D)
    .ARM.Collect$$rtexit$$00000000           0x08000278   Section        2  rtexit.o(.ARM.Collect$$rtexit$$00000000)
    .ARM.Collect$$rtexit$$00000002           0x0800027a   Section        0  rtexit2.o(.ARM.Collect$$rtexit$$00000002)
    .ARM.Collect$$rtexit$$00000003           0x0800027a   Section        4  rtexit2.o(.ARM.Collect$$rtexit$$00000003)
    .ARM.Collect$$rtexit$$00000004           0x0800027e   Section        6  rtexit2.o(.ARM.Collect$$rtexit$$00000004)
    .text                                    0x08000284   Section       64  startup_stm32f401xe.o(.text)
    $v0                                      0x08000284   Number         0  startup_stm32f401xe.o(.text)
    .text                                    0x080002c4   Section        0  noretval__2sprintf.o(.text)
    .text                                    0x080002ec   Section        0  _printf_pad.o(.text)
    .text                                    0x0800033c   Section        0  _printf_dec.o(.text)
    .text                                    0x080003b4   Section        0  __printf_ss_wp.o(.text)
    .text                                    0x08000514   Section        0  strlen.o(.text)
    .text                                    0x08000552   Section        0  heapauxi.o(.text)
    .text                                    0x08000558   Section        0  _printf_intcommon.o(.text)
    .text                                    0x0800060c   Section        0  _printf_char_common.o(.text)
    _printf_input_char                       0x0800060d   Thumb Code    10  _printf_char_common.o(.text)
    .text                                    0x0800063c   Section        0  _sputc.o(.text)
    .text                                    0x08000646   Section       74  sys_stackheap_outer.o(.text)
    .text                                    0x08000690   Section        0  exit.o(.text)
    .text                                    0x0800069c   Section        8  libspace.o(.text)
    .text                                    0x080006a4   Section        0  sys_exit.o(.text)
    .text                                    0x080006b0   Section        2  use_no_semi.o(.text)
    .text                                    0x080006b2   Section        0  indicate_semi.o(.text)
    i.LCD_command                            0x080006b4   Section        0  src.o(i.LCD_command)
    i.LCD_ports_init                         0x08000704   Section        0  src.o(i.LCD_ports_init)
    i.SystemInit                             0x0800072c   Section        0  system_stm32f4xx.o(i.SystemInit)
    i.TIM2_IRQHandler                        0x08000790   Section        0  src.o(i.TIM2_IRQHandler)
    i._is_digit                              0x080009d4   Section        0  __printf_wp.o(i._is_digit)
    i.analog_port_ADC_init                   0x080009e4   Section        0  src.o(i.analog_port_ADC_init)
    i.calculat_lut_times                     0x08000a34   Section        0  src.o(i.calculat_lut_times)
    i.calculate_prescaler                    0x08000a64   Section        0  src.o(i.calculate_prescaler)
    i.delay                                  0x08000a84   Section        0  src.o(i.delay)
    i.get_value_of_rv                        0x08000a9c   Section        0  src.o(i.get_value_of_rv)
    i.get_wave_number                        0x08000b94   Section        0  src.o(i.get_wave_number)
    i.gpio_posrt_en                          0x08000bec   Section        0  src.o(i.gpio_posrt_en)
    i.main                                   0x08000bfc   Section        0  src.o(i.main)
    i.portA_init                             0x08000ccc   Section        0  src.o(i.portA_init)
    i.portB_init                             0x08000cec   Section        0  src.o(i.portB_init)
    i.portC_init                             0x08000d0c   Section        0  src.o(i.portC_init)
    i.set_LCD_for_start                      0x08000d2c   Section        0  src.o(i.set_LCD_for_start)
    i.set_lcd_after_inps                     0x08000d70   Section        0  src.o(i.set_lcd_after_inps)
    i.show_number_on_LCD                     0x08000e00   Section        0  src.o(i.show_number_on_LCD)
    i.show_string_on_LCD                     0x08000e1c   Section        0  src.o(i.show_string_on_LCD)
    i.show_value_on_LCD                      0x08000e3c   Section        0  src.o(i.show_value_on_LCD)
    i.tim2_init                              0x08000e84   Section        0  src.o(i.tim2_init)
    i.turn_off_led                           0x08000ed8   Section        0  src.o(i.turn_off_led)
    i.turn_on_led                            0x08000eec   Section        0  src.o(i.turn_on_led)
    x$fpl$fpinit                             0x08000f00   Section       10  fpinit.o(x$fpl$fpinit)
    $v0                                      0x08000f00   Number         0  fpinit.o(x$fpl$fpinit)
    .data                                    0x20000000   Section     7240  src.o(.data)
    .bss                                     0x20001c48   Section       96  libspace.o(.bss)
    HEAP                                     0x20001ca8   Section      512  startup_stm32f401xe.o(HEAP)
    Heap_Mem                                 0x20001ca8   Data         512  startup_stm32f401xe.o(HEAP)
    STACK                                    0x20001ea8   Section     1024  startup_stm32f401xe.o(STACK)
    Stack_Mem                                0x20001ea8   Data        1024  startup_stm32f401xe.o(STACK)
    __initial_sp                             0x200022a8   Data           0  startup_stm32f401xe.o(STACK)

    Global Symbols

    Symbol Name                              Value     Ov Type        Size  Object(Section)

    BuildAttributes$$THM_ISAv4$E$P$D$K$B$S$7EM$VFPi3$EXTD16$VFPS$VFMA$PE$A:L22UL41UL21$X:L11$S22US41US21$IEEE1$IW$USESV6$~STKCKD$USESV7$~SHL$OSPACE$ROPI$EBA8$UX$STANDARDLIB$REQ8$PRES8$EABIv2 0x00000000   Number         0  anon$$obj.o ABSOLUTE
    __ARM_use_no_argv                        0x00000000   Number         0  src.o ABSOLUTE
    _printf_flags                            0x00000000   Number         0  printf_stubs.o ABSOLUTE
    _printf_return_value                     0x00000000   Number         0  printf_stubs.o ABSOLUTE
    _printf_sizespec                         0x00000000   Number         0  printf_stubs.o ABSOLUTE
    _printf_widthprec                        0x00000000   Number         0  printf_stubs.o ABSOLUTE
    __ARM_exceptions_init                     - Undefined Weak Reference
    __alloca_initialize                       - Undefined Weak Reference
    __arm_preinit_                            - Undefined Weak Reference
    __cpp_initialize__aeabi_                  - Undefined Weak Reference
    __cxa_finalize                            - Undefined Weak Reference
    __rt_locale                               - Undefined Weak Reference
    __sigvec_lookup                           - Undefined Weak Reference
    _atexit_init                              - Undefined Weak Reference
    _call_atexit_fns                          - Undefined Weak Reference
    _clock_init                               - Undefined Weak Reference
    _fp_trap_init                             - Undefined Weak Reference
    _fp_trap_shutdown                         - Undefined Weak Reference
    _get_lc_collate                           - Undefined Weak Reference
    _get_lc_ctype                             - Undefined Weak Reference
    _get_lc_monetary                          - Undefined Weak Reference
    _get_lc_numeric                           - Undefined Weak Reference
    _get_lc_time                              - Undefined Weak Reference
    _getenv_init                              - Undefined Weak Reference
    _handle_redirection                       - Undefined Weak Reference
    _init_alloc                               - Undefined Weak Reference
    _init_user_alloc                          - Undefined Weak Reference
    _initio                                   - Undefined Weak Reference
    _printf_truncate_signed                   - Undefined Weak Reference
    _printf_truncate_unsigned                 - Undefined Weak Reference
    _rand_init                                - Undefined Weak Reference
    _signal_finish                            - Undefined Weak Reference
    _signal_init                              - Undefined Weak Reference
    _terminate_alloc                          - Undefined Weak Reference
    _terminate_user_alloc                     - Undefined Weak Reference
    _terminateio                              - Undefined Weak Reference
    __Vectors_Size                           0x00000194   Number         0  startup_stm32f401xe.o ABSOLUTE
    __Vectors                                0x08000000   Data           4  startup_stm32f401xe.o(RESET)
    __Vectors_End                            0x08000194   Data           0  startup_stm32f401xe.o(RESET)
    __main                                   0x08000195   Thumb Code     8  __main.o(!!!main)
    __scatterload                            0x0800019d   Thumb Code     0  __scatter.o(!!!scatter)
    __scatterload_rt2                        0x0800019d   Thumb Code    44  __scatter.o(!!!scatter)
    __scatterload_rt2_thumb_only             0x0800019d   Thumb Code     0  __scatter.o(!!!scatter)
    __scatterload_null                       0x080001ab   Thumb Code     0  __scatter.o(!!!scatter)
    __decompress                             0x080001d1   Thumb Code   100  __dclz77c.o(!!dclz77c)
    __decompress2                            0x080001d1   Thumb Code     0  __dclz77c.o(!!dclz77c)
    __scatterload_zeroinit                   0x08000235   Thumb Code    28  __scatter_zi.o(!!handler_zi)
    _printf_d                                0x08000251   Thumb Code     0  _printf_d.o(.ARM.Collect$$_printf_percent$$00000009)
    _printf_percent                          0x08000251   Thumb Code     0  _printf_percent.o(.ARM.Collect$$_printf_percent$$00000000)
    _printf_percent_end                      0x08000257   Thumb Code     0  _printf_percent_end.o(.ARM.Collect$$_printf_percent$$00000017)
    __rt_lib_init                            0x0800025b   Thumb Code     0  libinit.o(.ARM.Collect$$libinit$$00000000)
    __rt_lib_init_fp_1                       0x0800025d   Thumb Code     0  libinit2.o(.ARM.Collect$$libinit$$00000001)
    __rt_lib_init_alloca_1                   0x08000261   Thumb Code     0  libinit2.o(.ARM.Collect$$libinit$$0000002E)
    __rt_lib_init_argv_1                     0x08000261   Thumb Code     0  libinit2.o(.ARM.Collect$$libinit$$0000002C)
    __rt_lib_init_atexit_1                   0x08000261   Thumb Code     0  libinit2.o(.ARM.Collect$$libinit$$0000001B)
    __rt_lib_init_clock_1                    0x08000261   Thumb Code     0  libinit2.o(.ARM.Collect$$libinit$$00000021)
    __rt_lib_init_cpp_1                      0x08000261   Thumb Code     0  libinit2.o(.ARM.Collect$$libinit$$00000032)
    __rt_lib_init_exceptions_1               0x08000261   Thumb Code     0  libinit2.o(.ARM.Collect$$libinit$$00000030)
    __rt_lib_init_fp_trap_1                  0x08000261   Thumb Code     0  libinit2.o(.ARM.Collect$$libinit$$0000001F)
    __rt_lib_init_getenv_1                   0x08000261   Thumb Code     0  libinit2.o(.ARM.Collect$$libinit$$00000023)
    __rt_lib_init_heap_1                     0x08000261   Thumb Code     0  libinit2.o(.ARM.Collect$$libinit$$0000000A)
    __rt_lib_init_lc_collate_1               0x08000261   Thumb Code     0  libinit2.o(.ARM.Collect$$libinit$$00000011)
    __rt_lib_init_lc_ctype_1                 0x08000261   Thumb Code     0  libinit2.o(.ARM.Collect$$libinit$$00000013)
    __rt_lib_init_lc_monetary_1              0x08000261   Thumb Code     0  libinit2.o(.ARM.Collect$$libinit$$00000015)
    __rt_lib_init_lc_numeric_1               0x08000261   Thumb Code     0  libinit2.o(.ARM.Collect$$libinit$$00000017)
    __rt_lib_init_lc_time_1                  0x08000261   Thumb Code     0  libinit2.o(.ARM.Collect$$libinit$$00000019)
    __rt_lib_init_preinit_1                  0x08000261   Thumb Code     0  libinit2.o(.ARM.Collect$$libinit$$00000004)
    __rt_lib_init_rand_1                     0x08000261   Thumb Code     0  libinit2.o(.ARM.Collect$$libinit$$0000000E)
    __rt_lib_init_return                     0x08000261   Thumb Code     0  libinit2.o(.ARM.Collect$$libinit$$00000033)
    __rt_lib_init_signal_1                   0x08000261   Thumb Code     0  libinit2.o(.ARM.Collect$$libinit$$0000001D)
    __rt_lib_init_stdio_1                    0x08000261   Thumb Code     0  libinit2.o(.ARM.Collect$$libinit$$00000025)
    __rt_lib_init_user_alloc_1               0x08000261   Thumb Code     0  libinit2.o(.ARM.Collect$$libinit$$0000000C)
    __rt_lib_shutdown                        0x08000263   Thumb Code     0  libshutdown.o(.ARM.Collect$$libshutdown$$00000000)
    __rt_lib_shutdown_fp_trap_1              0x08000265   Thumb Code     0  libshutdown2.o(.ARM.Collect$$libshutdown$$00000006)
    __rt_lib_shutdown_heap_1                 0x08000265   Thumb Code     0  libshutdown2.o(.ARM.Collect$$libshutdown$$0000000E)
    __rt_lib_shutdown_return                 0x08000265   Thumb Code     0  libshutdown2.o(.ARM.Collect$$libshutdown$$0000000F)
    __rt_lib_shutdown_signal_1               0x08000265   Thumb Code     0  libshutdown2.o(.ARM.Collect$$libshutdown$$00000009)
    __rt_lib_shutdown_stdio_1                0x08000265   Thumb Code     0  libshutdown2.o(.ARM.Collect$$libshutdown$$00000003)
    __rt_lib_shutdown_user_alloc_1           0x08000265   Thumb Code     0  libshutdown2.o(.ARM.Collect$$libshutdown$$0000000B)
    __rt_entry                               0x08000267   Thumb Code     0  __rtentry.o(.ARM.Collect$$rtentry$$00000000)
    __rt_entry_presh_1                       0x08000267   Thumb Code     0  __rtentry2.o(.ARM.Collect$$rtentry$$00000002)
    __rt_entry_sh                            0x08000267   Thumb Code     0  __rtentry4.o(.ARM.Collect$$rtentry$$00000004)
    __rt_entry_li                            0x0800026d   Thumb Code     0  __rtentry2.o(.ARM.Collect$$rtentry$$0000000A)
    __rt_entry_postsh_1                      0x0800026d   Thumb Code     0  __rtentry2.o(.ARM.Collect$$rtentry$$00000009)
    __rt_entry_main                          0x08000271   Thumb Code     0  __rtentry2.o(.ARM.Collect$$rtentry$$0000000D)
    __rt_entry_postli_1                      0x08000271   Thumb Code     0  __rtentry2.o(.ARM.Collect$$rtentry$$0000000C)
    __rt_exit                                0x08000279   Thumb Code     0  rtexit.o(.ARM.Collect$$rtexit$$00000000)
    __rt_exit_ls                             0x0800027b   Thumb Code     0  rtexit2.o(.ARM.Collect$$rtexit$$00000003)
    __rt_exit_prels_1                        0x0800027b   Thumb Code     0  rtexit2.o(.ARM.Collect$$rtexit$$00000002)
    __rt_exit_exit                           0x0800027f   Thumb Code     0  rtexit2.o(.ARM.Collect$$rtexit$$00000004)
    Reset_Handler                            0x08000285   Thumb Code     8  startup_stm32f401xe.o(.text)
    NMI_Handler                              0x0800028d   Thumb Code     2  startup_stm32f401xe.o(.text)
    HardFault_Handler                        0x0800028f   Thumb Code     2  startup_stm32f401xe.o(.text)
    MemManage_Handler                        0x08000291   Thumb Code     2  startup_stm32f401xe.o(.text)
    BusFault_Handler                         0x08000293   Thumb Code     2  startup_stm32f401xe.o(.text)
    UsageFault_Handler                       0x08000295   Thumb Code     2  startup_stm32f401xe.o(.text)
    SVC_Handler                              0x08000297   Thumb Code     2  startup_stm32f401xe.o(.text)
    DebugMon_Handler                         0x08000299   Thumb Code     2  startup_stm32f401xe.o(.text)
    PendSV_Handler                           0x0800029b   Thumb Code     2  startup_stm32f401xe.o(.text)
    SysTick_Handler                          0x0800029d   Thumb Code     2  startup_stm32f401xe.o(.text)
    ADC_IRQHandler                           0x0800029f   Thumb Code     0  startup_stm32f401xe.o(.text)
    DMA1_Stream0_IRQHandler                  0x0800029f   Thumb Code     0  startup_stm32f401xe.o(.text)
    DMA1_Stream1_IRQHandler                  0x0800029f   Thumb Code     0  startup_stm32f401xe.o(.text)
    DMA1_Stream2_IRQHandler                  0x0800029f   Thumb Code     0  startup_stm32f401xe.o(.text)
    DMA1_Stream3_IRQHandler                  0x0800029f   Thumb Code     0  startup_stm32f401xe.o(.text)
    DMA1_Stream4_IRQHandler                  0x0800029f   Thumb Code     0  startup_stm32f401xe.o(.text)
    DMA1_Stream5_IRQHandler                  0x0800029f   Thumb Code     0  startup_stm32f401xe.o(.text)
    DMA1_Stream6_IRQHandler                  0x0800029f   Thumb Code     0  startup_stm32f401xe.o(.text)
    DMA1_Stream7_IRQHandler                  0x0800029f   Thumb Code     0  startup_stm32f401xe.o(.text)
    DMA2_Stream0_IRQHandler                  0x0800029f   Thumb Code     0  startup_stm32f401xe.o(.text)
    DMA2_Stream1_IRQHandler                  0x0800029f   Thumb Code     0  startup_stm32f401xe.o(.text)
    DMA2_Stream2_IRQHandler                  0x0800029f   Thumb Code     0  startup_stm32f401xe.o(.text)
    DMA2_Stream3_IRQHandler                  0x0800029f   Thumb Code     0  startup_stm32f401xe.o(.text)
    DMA2_Stream4_IRQHandler                  0x0800029f   Thumb Code     0  startup_stm32f401xe.o(.text)
    DMA2_Stream5_IRQHandler                  0x0800029f   Thumb Code     0  startup_stm32f401xe.o(.text)
    DMA2_Stream6_IRQHandler                  0x0800029f   Thumb Code     0  startup_stm32f401xe.o(.text)
    DMA2_Stream7_IRQHandler                  0x0800029f   Thumb Code     0  startup_stm32f401xe.o(.text)
    EXTI0_IRQHandler                         0x0800029f   Thumb Code     0  startup_stm32f401xe.o(.text)
    EXTI15_10_IRQHandler                     0x0800029f   Thumb Code     0  startup_stm32f401xe.o(.text)
    EXTI1_IRQHandler                         0x0800029f   Thumb Code     0  startup_stm32f401xe.o(.text)
    EXTI2_IRQHandler                         0x0800029f   Thumb Code     0  startup_stm32f401xe.o(.text)
    EXTI3_IRQHandler                         0x0800029f   Thumb Code     0  startup_stm32f401xe.o(.text)
    EXTI4_IRQHandler                         0x0800029f   Thumb Code     0  startup_stm32f401xe.o(.text)
    EXTI9_5_IRQHandler                       0x0800029f   Thumb Code     0  startup_stm32f401xe.o(.text)
    FLASH_IRQHandler                         0x0800029f   Thumb Code     0  startup_stm32f401xe.o(.text)
    FPU_IRQHandler                           0x0800029f   Thumb Code     0  startup_stm32f401xe.o(.text)
    I2C1_ER_IRQHandler                       0x0800029f   Thumb Code     0  startup_stm32f401xe.o(.text)
    I2C1_EV_IRQHandler                       0x0800029f   Thumb Code     0  startup_stm32f401xe.o(.text)
    I2C2_ER_IRQHandler                       0x0800029f   Thumb Code     0  startup_stm32f401xe.o(.text)
    I2C2_EV_IRQHandler                       0x0800029f   Thumb Code     0  startup_stm32f401xe.o(.text)
    I2C3_ER_IRQHandler                       0x0800029f   Thumb Code     0  startup_stm32f401xe.o(.text)
    I2C3_EV_IRQHandler                       0x0800029f   Thumb Code     0  startup_stm32f401xe.o(.text)
    OTG_FS_IRQHandler                        0x0800029f   Thumb Code     0  startup_stm32f401xe.o(.text)
    OTG_FS_WKUP_IRQHandler                   0x0800029f   Thumb Code     0  startup_stm32f401xe.o(.text)
    PVD_IRQHandler                           0x0800029f   Thumb Code     0  startup_stm32f401xe.o(.text)
    RCC_IRQHandler                           0x0800029f   Thumb Code     0  startup_stm32f401xe.o(.text)
    RTC_Alarm_IRQHandler                     0x0800029f   Thumb Code     0  startup_stm32f401xe.o(.text)
    RTC_WKUP_IRQHandler                      0x0800029f   Thumb Code     0  startup_stm32f401xe.o(.text)
    SDIO_IRQHandler                          0x0800029f   Thumb Code     0  startup_stm32f401xe.o(.text)
    SPI1_IRQHandler                          0x0800029f   Thumb Code     0  startup_stm32f401xe.o(.text)
    SPI2_IRQHandler                          0x0800029f   Thumb Code     0  startup_stm32f401xe.o(.text)
    SPI3_IRQHandler                          0x0800029f   Thumb Code     0  startup_stm32f401xe.o(.text)
    SPI4_IRQHandler                          0x0800029f   Thumb Code     0  startup_stm32f401xe.o(.text)
    TAMP_STAMP_IRQHandler                    0x0800029f   Thumb Code     0  startup_stm32f401xe.o(.text)
    TIM1_BRK_TIM9_IRQHandler                 0x0800029f   Thumb Code     0  startup_stm32f401xe.o(.text)
    TIM1_CC_IRQHandler                       0x0800029f   Thumb Code     0  startup_stm32f401xe.o(.text)
    TIM1_TRG_COM_TIM11_IRQHandler            0x0800029f   Thumb Code     0  startup_stm32f401xe.o(.text)
    TIM1_UP_TIM10_IRQHandler                 0x0800029f   Thumb Code     0  startup_stm32f401xe.o(.text)
    TIM3_IRQHandler                          0x0800029f   Thumb Code     0  startup_stm32f401xe.o(.text)
    TIM4_IRQHandler                          0x0800029f   Thumb Code     0  startup_stm32f401xe.o(.text)
    TIM5_IRQHandler                          0x0800029f   Thumb Code     0  startup_stm32f401xe.o(.text)
    USART1_IRQHandler                        0x0800029f   Thumb Code     0  startup_stm32f401xe.o(.text)
    USART2_IRQHandler                        0x0800029f   Thumb Code     0  startup_stm32f401xe.o(.text)
    USART6_IRQHandler                        0x0800029f   Thumb Code     0  startup_stm32f401xe.o(.text)
    WWDG_IRQHandler                          0x0800029f   Thumb Code     0  startup_stm32f401xe.o(.text)
    __user_initial_stackheap                 0x080002a1   Thumb Code     0  startup_stm32f401xe.o(.text)
    __2sprintf                               0x080002c5   Thumb Code    34  noretval__2sprintf.o(.text)
    _printf_pre_padding                      0x080002ed   Thumb Code    44  _printf_pad.o(.text)
    _printf_post_padding                     0x08000319   Thumb Code    34  _printf_pad.o(.text)
    _printf_int_dec                          0x0800033d   Thumb Code   104  _printf_dec.o(.text)
    __printf                                 0x080003b5   Thumb Code   352  __printf_ss_wp.o(.text)
    strlen                                   0x08000515   Thumb Code    62  strlen.o(.text)
    __use_two_region_memory                  0x08000553   Thumb Code     2  heapauxi.o(.text)
    __rt_heap_escrow$2region                 0x08000555   Thumb Code     2  heapauxi.o(.text)
    __rt_heap_expand$2region                 0x08000557   Thumb Code     2  heapauxi.o(.text)
    _printf_int_common                       0x08000559   Thumb Code   178  _printf_intcommon.o(.text)
    _printf_char_common                      0x08000617   Thumb Code    32  _printf_char_common.o(.text)
    _sputc                                   0x0800063d   Thumb Code    10  _sputc.o(.text)
    __user_setup_stackheap                   0x08000647   Thumb Code    74  sys_stackheap_outer.o(.text)
    exit                                     0x08000691   Thumb Code    12  exit.o(.text)
    __user_libspace                          0x0800069d   Thumb Code     8  libspace.o(.text)
    __user_perproc_libspace                  0x0800069d   Thumb Code     0  libspace.o(.text)
    __user_perthread_libspace                0x0800069d   Thumb Code     0  libspace.o(.text)
    _sys_exit                                0x080006a5   Thumb Code     8  sys_exit.o(.text)
    __I$use$semihosting                      0x080006b1   Thumb Code     0  use_no_semi.o(.text)
    __use_no_semihosting_swi                 0x080006b1   Thumb Code     2  use_no_semi.o(.text)
    __semihosting_library_function           0x080006b3   Thumb Code     0  indicate_semi.o(.text)
    LCD_command                              0x080006b5   Thumb Code    74  src.o(i.LCD_command)
    LCD_ports_init                           0x08000705   Thumb Code    32  src.o(i.LCD_ports_init)
    SystemInit                               0x0800072d   Thumb Code    82  system_stm32f4xx.o(i.SystemInit)
    TIM2_IRQHandler                          0x08000791   Thumb Code   528  src.o(i.TIM2_IRQHandler)
    _is_digit                                0x080009d5   Thumb Code    14  __printf_wp.o(i._is_digit)
    analog_port_ADC_init                     0x080009e5   Thumb Code    68  src.o(i.analog_port_ADC_init)
    calculat_lut_times                       0x08000a35   Thumb Code    36  src.o(i.calculat_lut_times)
    calculate_prescaler                      0x08000a65   Thumb Code    20  src.o(i.calculate_prescaler)
    delay                                    0x08000a85   Thumb Code    24  src.o(i.delay)
    get_value_of_rv                          0x08000a9d   Thumb Code   182  src.o(i.get_value_of_rv)
    get_wave_number                          0x08000b95   Thumb Code    80  src.o(i.get_wave_number)
    gpio_posrt_en                            0x08000bed   Thumb Code    16  src.o(i.gpio_posrt_en)
    main                                     0x08000bfd   Thumb Code   158  src.o(i.main)
    portA_init                               0x08000ccd   Thumb Code    22  src.o(i.portA_init)
    portB_init                               0x08000ced   Thumb Code    22  src.o(i.portB_init)
    portC_init                               0x08000d0d   Thumb Code    22  src.o(i.portC_init)
    set_LCD_for_start                        0x08000d2d   Thumb Code    68  src.o(i.set_LCD_for_start)
    set_lcd_after_inps                       0x08000d71   Thumb Code   108  src.o(i.set_lcd_after_inps)
    show_number_on_LCD                       0x08000e01   Thumb Code    22  src.o(i.show_number_on_LCD)
    show_string_on_LCD                       0x08000e1d   Thumb Code    32  src.o(i.show_string_on_LCD)
    show_value_on_LCD                        0x08000e3d   Thumb Code    66  src.o(i.show_value_on_LCD)
    tim2_init                                0x08000e85   Thumb Code    72  src.o(i.tim2_init)
    turn_off_led                             0x08000ed9   Thumb Code    14  src.o(i.turn_off_led)
    turn_on_led                              0x08000eed   Thumb Code    14  src.o(i.turn_on_led)
    _fp_init                                 0x08000f01   Thumb Code    10  fpinit.o(x$fpl$fpinit)
    __fplib_config_fpu_vfp                   0x08000f09   Thumb Code     0  fpinit.o(x$fpl$fpinit)
    __fplib_config_pureend_doubles           0x08000f09   Thumb Code     0  fpinit.o(x$fpl$fpinit)
    Region$$Table$$Base                      0x08000f0c   Number         0  anon$$obj.o(Region$$Table)
    Region$$Table$$Limit                     0x08000f2c   Number         0  anon$$obj.o(Region$$Table)
    number_of_samples                        0x20000000   Data           4  src.o(.data)
    prescale_reg                             0x20000004   Data           4  src.o(.data)
    auto_reload_reg                          0x20000008   Data           4  src.o(.data)
    base_rv_value                            0x2000000c   Data           4  src.o(.data)
    wave_number                              0x20000010   Data           4  src.o(.data)
    frequency                                0x20000014   Data           4  src.o(.data)
    domain                                   0x20000018   Data           4  src.o(.data)
    input_is_domain                          0x2000001c   Data           4  src.o(.data)
    lut_times                                0x20000020   Data           4  src.o(.data)
    index                                    0x20000024   Data           4  src.o(.data)
    sine_lookup                              0x20000028   Data         800  src.o(.data)
    tri_lookup                               0x20000348   Data         800  src.o(.data)
    sawtooth_lookup                          0x20000668   Data         800  src.o(.data)
    sine_ab_lookup                           0x20000988   Data         800  src.o(.data)
    square_look                              0x20000ca8   Data         800  src.o(.data)
    sine_sqr_lookup                          0x20000fc8   Data         800  src.o(.data)
    step_lookup                              0x200012e8   Data         800  src.o(.data)
    sine_modulated_square_lookup             0x20001608   Data         800  src.o(.data)
    arr                                      0x20001928   Data         800  src.o(.data)
    __libspace_start                         0x20001c48   Data          96  libspace.o(.bss)
    __temporary_stack_top$libspace           0x20001ca8   Data           0  libspace.o(.bss)



==============================================================================

Memory Map of the image

  Image Entry point : 0x08000195

  Load Region LR_IROM1 (Base: 0x08000000, Size: 0x00002b74, Max: 0x00080000, ABSOLUTE, COMPRESSED[0x00001610])

    Execution Region ER_IROM1 (Base: 0x08000000, Size: 0x00000f2c, Max: 0x00080000, ABSOLUTE)

    Base Addr    Size         Type   Attr      Idx    E Section Name        Object

    0x08000000   0x00000194   Data   RO          189    RESET               startup_stm32f401xe.o
    0x08000194   0x00000008   Code   RO          273  * !!!main             c_w.l(__main.o)
    0x0800019c   0x00000034   Code   RO          440    !!!scatter          c_w.l(__scatter.o)
    0x080001d0   0x00000064   Code   RO          438    !!dclz77c           c_w.l(__dclz77c.o)
    0x08000234   0x0000001c   Code   RO          442    !!handler_zi        c_w.l(__scatter_zi.o)
    0x08000250   0x00000000   Code   RO          268    .ARM.Collect$$_printf_percent$$00000000  c_w.l(_printf_percent.o)
    0x08000250   0x00000006   Code   RO          267    .ARM.Collect$$_printf_percent$$00000009  c_w.l(_printf_d.o)
    0x08000256   0x00000004   Code   RO          282    .ARM.Collect$$_printf_percent$$00000017  c_w.l(_printf_percent_end.o)
    0x0800025a   0x00000002   Code   RO          309    .ARM.Collect$$libinit$$00000000  c_w.l(libinit.o)
    0x0800025c   0x00000004   Code   RO          315    .ARM.Collect$$libinit$$00000001  c_w.l(libinit2.o)
    0x08000260   0x00000000   Code   RO          318    .ARM.Collect$$libinit$$00000004  c_w.l(libinit2.o)
    0x08000260   0x00000000   Code   RO          321    .ARM.Collect$$libinit$$0000000A  c_w.l(libinit2.o)
    0x08000260   0x00000000   Code   RO          323    .ARM.Collect$$libinit$$0000000C  c_w.l(libinit2.o)
    0x08000260   0x00000000   Code   RO          325    .ARM.Collect$$libinit$$0000000E  c_w.l(libinit2.o)
    0x08000260   0x00000000   Code   RO          328    .ARM.Collect$$libinit$$00000011  c_w.l(libinit2.o)
    0x08000260   0x00000000   Code   RO          330    .ARM.Collect$$libinit$$00000013  c_w.l(libinit2.o)
    0x08000260   0x00000000   Code   RO          332    .ARM.Collect$$libinit$$00000015  c_w.l(libinit2.o)
    0x08000260   0x00000000   Code   RO          334    .ARM.Collect$$libinit$$00000017  c_w.l(libinit2.o)
    0x08000260   0x00000000   Code   RO          336    .ARM.Collect$$libinit$$00000019  c_w.l(libinit2.o)
    0x08000260   0x00000000   Code   RO          338    .ARM.Collect$$libinit$$0000001B  c_w.l(libinit2.o)
    0x08000260   0x00000000   Code   RO          340    .ARM.Collect$$libinit$$0000001D  c_w.l(libinit2.o)
    0x08000260   0x00000000   Code   RO          342    .ARM.Collect$$libinit$$0000001F  c_w.l(libinit2.o)
    0x08000260   0x00000000   Code   RO          344    .ARM.Collect$$libinit$$00000021  c_w.l(libinit2.o)
    0x08000260   0x00000000   Code   RO          346    .ARM.Collect$$libinit$$00000023  c_w.l(libinit2.o)
    0x08000260   0x00000000   Code   RO          348    .ARM.Collect$$libinit$$00000025  c_w.l(libinit2.o)
    0x08000260   0x00000000   Code   RO          352    .ARM.Collect$$libinit$$0000002C  c_w.l(libinit2.o)
    0x08000260   0x00000000   Code   RO          354    .ARM.Collect$$libinit$$0000002E  c_w.l(libinit2.o)
    0x08000260   0x00000000   Code   RO          356    .ARM.Collect$$libinit$$00000030  c_w.l(libinit2.o)
    0x08000260   0x00000000   Code   RO          358    .ARM.Collect$$libinit$$00000032  c_w.l(libinit2.o)
    0x08000260   0x00000002   Code   RO          359    .ARM.Collect$$libinit$$00000033  c_w.l(libinit2.o)
    0x08000262   0x00000002   Code   RO          379    .ARM.Collect$$libshutdown$$00000000  c_w.l(libshutdown.o)
    0x08000264   0x00000000   Code   RO          393    .ARM.Collect$$libshutdown$$00000003  c_w.l(libshutdown2.o)
    0x08000264   0x00000000   Code   RO          396    .ARM.Collect$$libshutdown$$00000006  c_w.l(libshutdown2.o)
    0x08000264   0x00000000   Code   RO          399    .ARM.Collect$$libshutdown$$00000009  c_w.l(libshutdown2.o)
    0x08000264   0x00000000   Code   RO          401    .ARM.Collect$$libshutdown$$0000000B  c_w.l(libshutdown2.o)
    0x08000264   0x00000000   Code   RO          404    .ARM.Collect$$libshutdown$$0000000E  c_w.l(libshutdown2.o)
    0x08000264   0x00000002   Code   RO          405    .ARM.Collect$$libshutdown$$0000000F  c_w.l(libshutdown2.o)
    0x08000266   0x00000000   Code   RO          275    .ARM.Collect$$rtentry$$00000000  c_w.l(__rtentry.o)
    0x08000266   0x00000000   Code   RO          284    .ARM.Collect$$rtentry$$00000002  c_w.l(__rtentry2.o)
    0x08000266   0x00000006   Code   RO          296    .ARM.Collect$$rtentry$$00000004  c_w.l(__rtentry4.o)
    0x0800026c   0x00000000   Code   RO          286    .ARM.Collect$$rtentry$$00000009  c_w.l(__rtentry2.o)
    0x0800026c   0x00000004   Code   RO          287    .ARM.Collect$$rtentry$$0000000A  c_w.l(__rtentry2.o)
    0x08000270   0x00000000   Code   RO          289    .ARM.Collect$$rtentry$$0000000C  c_w.l(__rtentry2.o)
    0x08000270   0x00000008   Code   RO          290    .ARM.Collect$$rtentry$$0000000D  c_w.l(__rtentry2.o)
    0x08000278   0x00000002   Code   RO          313    .ARM.Collect$$rtexit$$00000000  c_w.l(rtexit.o)
    0x0800027a   0x00000000   Code   RO          361    .ARM.Collect$$rtexit$$00000002  c_w.l(rtexit2.o)
    0x0800027a   0x00000004   Code   RO          362    .ARM.Collect$$rtexit$$00000003  c_w.l(rtexit2.o)
    0x0800027e   0x00000006   Code   RO          363    .ARM.Collect$$rtexit$$00000004  c_w.l(rtexit2.o)
    0x08000284   0x00000040   Code   RO          190    .text               startup_stm32f401xe.o
    0x080002c4   0x00000028   Code   RO          239    .text               c_w.l(noretval__2sprintf.o)
    0x080002ec   0x0000004e   Code   RO          243    .text               c_w.l(_printf_pad.o)
    0x0800033a   0x00000002   PAD
    0x0800033c   0x00000078   Code   RO          245    .text               c_w.l(_printf_dec.o)
    0x080003b4   0x00000160   Code   RO          262    .text               c_w.l(__printf_ss_wp.o)
    0x08000514   0x0000003e   Code   RO          269    .text               c_w.l(strlen.o)
    0x08000552   0x00000006   Code   RO          271    .text               c_w.l(heapauxi.o)
    0x08000558   0x000000b2   Code   RO          276    .text               c_w.l(_printf_intcommon.o)
    0x0800060a   0x00000002   PAD
    0x0800060c   0x00000030   Code   RO          278    .text               c_w.l(_printf_char_common.o)
    0x0800063c   0x0000000a   Code   RO          280    .text               c_w.l(_sputc.o)
    0x08000646   0x0000004a   Code   RO          300    .text               c_w.l(sys_stackheap_outer.o)
    0x08000690   0x0000000c   Code   RO          302    .text               c_w.l(exit.o)
    0x0800069c   0x00000008   Code   RO          310    .text               c_w.l(libspace.o)
    0x080006a4   0x0000000c   Code   RO          371    .text               c_w.l(sys_exit.o)
    0x080006b0   0x00000002   Code   RO          382    .text               c_w.l(use_no_semi.o)
    0x080006b2   0x00000000   Code   RO          384    .text               c_w.l(indicate_semi.o)
    0x080006b2   0x00000002   PAD
    0x080006b4   0x00000050   Code   RO            4    i.LCD_command       src.o
    0x08000704   0x00000028   Code   RO            5    i.LCD_ports_init    src.o
    0x0800072c   0x00000064   Code   RO          198    i.SystemInit        system_stm32f4xx.o
    0x08000790   0x00000244   Code   RO            6    i.TIM2_IRQHandler   src.o
    0x080009d4   0x0000000e   Code   RO          257    i._is_digit         c_w.l(__printf_wp.o)
    0x080009e2   0x00000002   PAD
    0x080009e4   0x00000050   Code   RO            7    i.analog_port_ADC_init  src.o
    0x08000a34   0x00000030   Code   RO            8    i.calculat_lut_times  src.o
    0x08000a64   0x00000020   Code   RO            9    i.calculate_prescaler  src.o
    0x08000a84   0x00000018   Code   RO           10    i.delay             src.o
    0x08000a9c   0x000000f8   Code   RO           11    i.get_value_of_rv   src.o
    0x08000b94   0x00000058   Code   RO           12    i.get_wave_number   src.o
    0x08000bec   0x00000010   Code   RO           13    i.gpio_posrt_en     src.o
    0x08000bfc   0x000000d0   Code   RO           14    i.main              src.o
    0x08000ccc   0x00000020   Code   RO           15    i.portA_init        src.o
    0x08000cec   0x00000020   Code   RO           16    i.portB_init        src.o
    0x08000d0c   0x00000020   Code   RO           17    i.portC_init        src.o
    0x08000d2c   0x00000044   Code   RO           18    i.set_LCD_for_start  src.o
    0x08000d70   0x00000090   Code   RO           19    i.set_lcd_after_inps  src.o
    0x08000e00   0x0000001c   Code   RO           20    i.show_number_on_LCD  src.o
    0x08000e1c   0x00000020   Code   RO           21    i.show_string_on_LCD  src.o
    0x08000e3c   0x00000048   Code   RO           22    i.show_value_on_LCD  src.o
    0x08000e84   0x00000054   Code   RO           23    i.tim2_init         src.o
    0x08000ed8   0x00000014   Code   RO           24    i.turn_off_led      src.o
    0x08000eec   0x00000014   Code   RO           25    i.turn_on_led       src.o
    0x08000f00   0x0000000a   Code   RO          369    x$fpl$fpinit        fz_wm.l(fpinit.o)
    0x08000f0a   0x00000002   PAD
    0x08000f0c   0x00000020   Data   RO          436    Region$$Table       anon$$obj.o


    Execution Region RW_IRAM1 (Base: 0x20000000, Size: 0x000022a8, Max: 0x00018000, ABSOLUTE, COMPRESSED[0x000006e4])

    Base Addr    Size         Type   Attr      Idx    E Section Name        Object

    0x20000000   0x00001c48   Data   RW           26    .data               src.o
    0x20001c48   0x00000060   Zero   RW          311    .bss                c_w.l(libspace.o)
    0x20001ca8   0x00000200   Zero   RW          188    HEAP                startup_stm32f401xe.o
    0x20001ea8   0x00000400   Zero   RW          187    STACK               startup_stm32f401xe.o


==============================================================================

Image component sizes


      Code (inc. data)   RO Data    RW Data    ZI Data      Debug   Object Name

      2008        328          0       7240          0     179687   src.o
        64         26        404          0       1536        852   startup_stm32f401xe.o
       100         18          0          0          0        513   system_stm32f4xx.o

    ----------------------------------------------------------------------
      2172        372        436       7240       1536     181052   Object Totals
         0          0         32          0          0          0   (incl. Generated)
         0          0          0          0          0          0   (incl. Padding)

    ----------------------------------------------------------------------

      Code (inc. data)   RO Data    RW Data    ZI Data      Debug   Library Member Name

       100          0          0          0          0          0   __dclz77c.o
         8          0          0          0          0         68   __main.o
       352          0          0          0          0         88   __printf_ss_wp.o
        14          0          0          0          0         68   __printf_wp.o
         0          0          0          0          0          0   __rtentry.o
        12          0          0          0          0          0   __rtentry2.o
         6          0          0          0          0          0   __rtentry4.o
        52          8          0          0          0          0   __scatter.o
        28          0          0          0          0          0   __scatter_zi.o
        48          6          0          0          0         96   _printf_char_common.o
         6          0          0          0          0          0   _printf_d.o
       120         16          0          0          0         92   _printf_dec.o
       178          0          0          0          0         88   _printf_intcommon.o
        78          0          0          0          0        108   _printf_pad.o
         0          0          0          0          0          0   _printf_percent.o
         4          0          0          0          0          0   _printf_percent_end.o
        10          0          0          0          0         68   _sputc.o
        12          0          0          0          0         72   exit.o
         6          0          0          0          0        152   heapauxi.o
         0          0          0          0          0          0   indicate_semi.o
         2          0          0          0          0          0   libinit.o
         6          0          0          0          0          0   libinit2.o
         2          0          0          0          0          0   libshutdown.o
         2          0          0          0          0          0   libshutdown2.o
         8          4          0          0         96         68   libspace.o
        40          6          0          0          0         84   noretval__2sprintf.o
         2          0          0          0          0          0   rtexit.o
        10          0          0          0          0          0   rtexit2.o
        62          0          0          0          0         76   strlen.o
        12          4          0          0          0         68   sys_exit.o
        74          0          0          0          0         80   sys_stackheap_outer.o
         2          0          0          0          0         68   use_no_semi.o
        10          0          0          0          0        116   fpinit.o

    ----------------------------------------------------------------------
      1276         44          0          0         96       1460   Library Totals
        10          0          0          0          0          0   (incl. Padding)

    ----------------------------------------------------------------------

      Code (inc. data)   RO Data    RW Data    ZI Data      Debug   Library Name

      1256         44          0          0         96       1344   c_w.l
        10          0          0          0          0        116   fz_wm.l

    ----------------------------------------------------------------------
      1276         44          0          0         96       1460   Library Totals

    ----------------------------------------------------------------------

==============================================================================


      Code (inc. data)   RO Data    RW Data    ZI Data      Debug   

      3448        416        436       7240       1632     180188   Grand Totals
      3448        416        436       1764       1632     180188   ELF Image Totals (compressed)
      3448        416        436       1764          0          0   ROM Totals

==============================================================================

    Total RO  Size (Code + RO Data)                 3884 (   3.79kB)
    Total RW  Size (RW Data + ZI Data)              8872 (   8.66kB)
    Total ROM Size (Code + RO Data + RW Data)       5648 (   5.52kB)

==============================================================================

