


ARM Macro Assembler    Page 1 


    1 00000000                 EXPORT           SystemInit
    2 00000000                 EXPORT           __main
    3 00000000         
    4 00000000                 AREA             VALUES, DATA, READONLY
    5 00000000 0000000A 
                       NUMELEMS
                               EQU              10
    6 00000000 00000009 
              00000003 
              00000005 
              00000000 
              00000007 
              00000004 
              00000008 
              00000001 
              00000002 
              00000006 INITELEMS
                               DCD              9,3,5,0,7,4,8,1,2,6
    7 00000028         
    8 00000028                 AREA             ARRAY, DATA, READWRITE
    9 00000000 00000000 
              00000000 
              00000000 
              00000000 
              00000000 
              00000000 
              00000000 
              00000000 
              00000000 
              00000000 ELEMS   DCD              0,0,0,0,0,0,0,0,0,0
   10 00000028         
   11 00000028                 AREA             PROG,CODE,READONLY
   12 00000000         
   13 00000000         SystemInit
                               FUNCTION
   14 00000000         ; initialization code
   15 00000000 481B            LDR              R0, =INITELEMS ;R0 = ADR OF INI
                                                            TELEMS
   16 00000002 F04F 010A       LDR              R1, =NUMELEMS ;R1 = NUMELEMS
   17 00000006 4A1B            LDR              R2, =ELEMS  ;R2 = ADR OF ELEMS
   18 00000008 F04F 0300       MOV              R3, #0      ;i = R3 = 0
   19 0000000C F000 F801       BL               COPY        ;COPY ELEMNTS OF VA
                                                            LUES TO ELEMS 
   20 00000010 E00B            B                INSSORT     ;INSERTION SORT (EL
                                                            EMS)               
                                                             
   21 00000012                 ENDFUNC
   22 00000012         
   23 00000012         
   24 00000012         __main  FUNCTION
   25 00000012         COPY
   26 00000012 B410            PUSH{R4}                     ;ABI RULES
   27 00000014         COPY_LOOP                            ;COPY INITELEMS TO 
                                                            ELEMS 
   28 00000014 428B            CMP              R3, R1      ;i < len(NUMELEMS)
   29 00000016 DA06            BGE              OUT_COPY
   30 00000018 F850 4023       LDR              R4, [R0, R3, LSL #2] 
                                                            ;R4 = INITELEMS[i]
   31 0000001C F842 4023       STR              R4, [R2, R3, LSL #2] 



ARM Macro Assembler    Page 2 


                                                            ;ELEMS[I] = R4
   32 00000020 F103 0301       ADD              R3, #1      ;i++
   33 00000024 E7F6            B                COPY_LOOP
   34 00000026         OUT_COPY
   35 00000026 BC10            POP{R4}                      ;ABI RULES
   36 00000028 4770            BX               LR
   37 0000002A         
   38 0000002A         INSSORT
   39 0000002A B430            PUSH{R4,         R5}         ;ABI RULES
   40 0000002C F04F 0301       MOV              R3, #1      ;i = R0 = 0
   41 00000030         FOR_LOOP
   42 00000030 428B            CMP              R3, R1      ;i < len(NUMELEMS)
   43 00000032 DA19            BGE              OUT_INSSORT
   44 00000034 F852 4023       LDR              R4, [R2, R3, LSL #2] ;KEY = R4 
                                                            = ELEMS[I]
   45 00000038 469C            MOV              R12, R3
   46 0000003A F1AC 0C01       SUB              R12, #1     ;J = I - 1
   47 0000003E         WHILE_LOOP
   48 0000003E F1BC 0F00       CMP              R12 , #0    ;J >= 0
   49 00000042 DB0A            BLT              OUT_WHILE_LOOP
   50 00000044 F852 502C       LDR              R5, [R2, R12, LSL #2] 
                                                            ;R5 = ELEMS[J]
   51 00000048 42AC            CMP              R4, R5      ;KEY < ELEMS[J]
   52 0000004A DC06            BGT              OUT_WHILE_LOOP
   53 0000004C F10C 0C01       ADD              R12, #1
   54 00000050 F842 502C       STR              R5, [R2, R12, LSL #2] ;ELEMS[J 
                                                            + 1] = ELEMS[J]
   55 00000054 F1AC 0C02       SUB              R12, #2     ;J--
   56 00000058 E7F1            B                WHILE_LOOP
   57 0000005A         
   58 0000005A         OUT_WHILE_LOOP
   59 0000005A F10C 0C01       ADD              R12, #1
   60 0000005E F842 402C       STR              R4, [R2, R12, LSL #2] 
                                                            ;ELEMS[J + 1] = KEY
                                                            
   61 00000062 F103 0301       ADD              R3, #1      ;I++
   62 00000066 E7E3            B                FOR_LOOP
   63 00000068         
   64 00000068         OUT_INSSORT
   65 00000068 BC30            POP{R4,R5}                   ;ABI RULES
   66 0000006A E7FF            B                OUT
   67 0000006C         
   68 0000006C         OUT
   69 0000006C E7FE            B                OUT
   70 0000006E         
   71 0000006E                 ENDFUNC
   72 0000006E                 END
              00 00 00000000 
              00000000 
Command Line: --debug --xref --diag_suppress=9931 --cpu=Cortex-M4.fp --apcs=int
erwork --depend=.\objects\src.d -o.\objects\src.o -IF:\micro\ex1\ex1\RTE -IC:\K
eil_v5\ARM\PACK\Keil\STM32F4xx_DFP\2.7.0\Drivers\CMSIS\Device\ST\STM32F4xx\Incl
ude -IC:\Keil_v5\ARM\CMSIS\Include --predefine="__UVISION_VERSION SETA 515" --p
redefine="_RTE_ SETA 1" --predefine="STM32F401xE SETA 1" --list=.\listings\src.
lst src.s



ARM Macro Assembler    Page 1 Alphabetic symbol ordering
Relocatable symbols

INITELEMS 00000000

Symbol: INITELEMS
   Definitions
      At line 6 in file src.s
   Uses
      At line 15 in file src.s
Comment: INITELEMS used once
VALUES 00000000

Symbol: VALUES
   Definitions
      At line 4 in file src.s
   Uses
      None
Comment: VALUES unused
2 symbols



ARM Macro Assembler    Page 1 Alphabetic symbol ordering
Relocatable symbols

ARRAY 00000000

Symbol: ARRAY
   Definitions
      At line 8 in file src.s
   Uses
      None
Comment: ARRAY unused
ELEMS 00000000

Symbol: ELEMS
   Definitions
      At line 9 in file src.s
   Uses
      At line 17 in file src.s
Comment: ELEMS used once
2 symbols



ARM Macro Assembler    Page 1 Alphabetic symbol ordering
Relocatable symbols

COPY 00000012

Symbol: COPY
   Definitions
      At line 25 in file src.s
   Uses
      At line 19 in file src.s
Comment: COPY used once
COPY_LOOP 00000014

Symbol: COPY_LOOP
   Definitions
      At line 27 in file src.s
   Uses
      At line 33 in file src.s
Comment: COPY_LOOP used once
FOR_LOOP 00000030

Symbol: FOR_LOOP
   Definitions
      At line 41 in file src.s
   Uses
      At line 62 in file src.s
Comment: FOR_LOOP used once
INSSORT 0000002A

Symbol: INSSORT
   Definitions
      At line 38 in file src.s
   Uses
      At line 20 in file src.s
Comment: INSSORT used once
OUT 0000006C

Symbol: OUT
   Definitions
      At line 68 in file src.s
   Uses
      At line 66 in file src.s
      At line 69 in file src.s

OUT_COPY 00000026

Symbol: OUT_COPY
   Definitions
      At line 34 in file src.s
   Uses
      At line 29 in file src.s
Comment: OUT_COPY used once
OUT_INSSORT 00000068

Symbol: OUT_INSSORT
   Definitions
      At line 64 in file src.s
   Uses
      At line 43 in file src.s
Comment: OUT_INSSORT used once
OUT_WHILE_LOOP 0000005A




ARM Macro Assembler    Page 2 Alphabetic symbol ordering
Relocatable symbols

Symbol: OUT_WHILE_LOOP
   Definitions
      At line 58 in file src.s
   Uses
      At line 49 in file src.s
      At line 52 in file src.s

PROG 00000000

Symbol: PROG
   Definitions
      At line 11 in file src.s
   Uses
      None
Comment: PROG unused
SystemInit 00000000

Symbol: SystemInit
   Definitions
      At line 13 in file src.s
   Uses
      At line 1 in file src.s
Comment: SystemInit used once
WHILE_LOOP 0000003E

Symbol: WHILE_LOOP
   Definitions
      At line 47 in file src.s
   Uses
      At line 56 in file src.s
Comment: WHILE_LOOP used once
__main 00000012

Symbol: __main
   Definitions
      At line 24 in file src.s
   Uses
      At line 2 in file src.s
Comment: __main used once
12 symbols



ARM Macro Assembler    Page 1 Alphabetic symbol ordering
Absolute symbols

NUMELEMS 0000000A

Symbol: NUMELEMS
   Definitions
      At line 5 in file src.s
   Uses
      At line 16 in file src.s
Comment: NUMELEMS used once
1 symbol
353 symbols in table
